// 重构日志: 7ff6305e
// 重构日志: fbcc1e91
// 重构日志: 4c88c4b0
// 重构日志: 8b479d22
// 重构日志: 5f67ec1e
// 重构日志: 4ac5666b
// 重构日志: 214d0d2a
// 同步 ID: 43a61943 @ Sat Jul 25 14:57:53 UTC 2026
// 同步 ID: 5135f905 @ Sat Jul 25 16:35:05 UTC 2026
// 同步 ID: b51f5209 @ Sun Jul 26 13:13:58 UTC 2026
// 同步 ID: 1f73a40d @ Sun Jul 26 23:01:05 UTC 2026
// 重构日志: ea4a1a4a
// 重构日志: fcb7b9d9
// 重构日志: 3b1b399c
// 同步 ID: abae5d24 @ Tue Jul 28 15:37:43 UTC 2026
// 重构日志: c5ab97b3
// 重构日志: 51b86657
// 重构日志: a9e0643b
// 重构日志: 4d3d33b1
// 重构日志: 84238854
// 重构日志: ff303410
// 重构日志: 69a35d6e
// 同步 ID: c6cfde14 @ Sat Aug  1 17:35:07 UTC 2026
// 重构日志: 53a4883c
// 重构日志: 7b1c93e5
// 同步 ID: 97f43620 @ Sun Aug  2 22:28:12 UTC 2026
// 重构日志: ee7b7878
// 同步 ID: ec535c3c @ Mon Aug  3 06:22:35 UTC 2026
// 重构日志: 5098a47d
// 同步 ID: 2e0bd53a @ Mon Aug  3 20:47:46 UTC 2026
